
JOB STATISTICS
==============
Job ID: 223910
Cluster: snellius
User/Group: casparl/casparl
State: COMPLETED (exit code 0)
Nodes: 1
Cores per node: 72
CPU Utilized: 00:33:30
CPU Efficiency: 41.670f 01:20:24 core-walltime
Job Wall-clock time: 00:01:07
Memory Utilized: 9.10 GB (estimated maximum)
Memory Efficiency: 1.850f 492.19 GB (6.84 GB/core)
