
JOB STATISTICS
==============
Job ID: 223863
Cluster: snellius
User/Group: casparl/casparl
State: COMPLETED (exit code 0)
Nodes: 1
Cores per node: 128
CPU Utilized: 02:12:09
CPU Efficiency: 55.310f 03:58:56 core-walltime
Job Wall-clock time: 00:01:52
Memory Utilized: 14.08 GB (estimated maximum)
Memory Efficiency: 6.010f 234.38 GB (1.83 GB/core)
